Copyright 1986-2022 Xilinx, Inc. All Rights Reserved.
---------------------------------------------------------------------------------------------------------------------------------------------------------------------------------------------------------------------
| Tool Version : Vivado v.2022.1 (win64) Build 3526262 Mon Apr 18 15:48:16 MDT 2022
| Date         : Sun Feb  1 18:14:01 2026
| Host         : THINKBOOK running 64-bit major release  (build 9200)
| Command      : report_timing_summary -max_paths 10 -report_unconstrained -file CSA_tree_timing_summary_routed.rpt -pb CSA_tree_timing_summary_routed.pb -rpx CSA_tree_timing_summary_routed.rpx -warn_on_violation
| Design       : CSA_tree
| Device       : 7z020-clg400
| Speed File   : -1  PRODUCTION 1.12 2019-11-22
---------------------------------------------------------------------------------------------------------------------------------------------------------------------------------------------------------------------

Timing Summary Report

------------------------------------------------------------------------------------------------
| Timer Settings
| --------------
------------------------------------------------------------------------------------------------

  Enable Multi Corner Analysis               :  Yes
  Enable Pessimism Removal                   :  Yes
  Pessimism Removal Resolution               :  Nearest Common Node
  Enable Input Delay Default Clock           :  No
  Enable Preset / Clear Arcs                 :  No
  Disable Flight Delays                      :  No
  Ignore I/O Paths                           :  No
  Timing Early Launch at Borrowing Latches   :  No
  Borrow Time for Max Delay Exceptions       :  Yes
  Merge Timing Exceptions                    :  Yes

  Corner  Analyze    Analyze    
  Name    Max Paths  Min Paths  
  ------  ---------  ---------  
  Slow    Yes        Yes        
  Fast    Yes        Yes        


------------------------------------------------------------------------------------------------
| Report Methodology
| ------------------
------------------------------------------------------------------------------------------------

Rule  Severity  Description  Violations  
----  --------  -----------  ----------  

Note: This report is based on the most recent report_methodology run and may not be up-to-date. Run report_methodology on the current design for the latest report.



check_timing report

Table of Contents
-----------------
1. checking no_clock (0)
2. checking constant_clock (0)
3. checking pulse_width_clock (0)
4. checking unconstrained_internal_endpoints (0)
5. checking no_input_delay (0)
6. checking no_output_delay (0)
7. checking multiple_clock (0)
8. checking generated_clocks (0)
9. checking loops (0)
10. checking partial_input_delay (0)
11. checking partial_output_delay (0)
12. checking latch_loops (0)

1. checking no_clock (0)
------------------------
 There are 0 register/latch pins with no clock.


2. checking constant_clock (0)
------------------------------
 There are 0 register/latch pins with constant_clock.


3. checking pulse_width_clock (0)
---------------------------------
 There are 0 register/latch pins which need pulse_width check


4. checking unconstrained_internal_endpoints (0)
------------------------------------------------
 There are 0 pins that are not constrained for maximum delay.

 There are 0 pins that are not constrained for maximum delay due to constant clock.


5. checking no_input_delay (0)
------------------------------
 There are 0 input ports with no input delay specified.

 There are 0 input ports with no input delay but user has a false path constraint.


6. checking no_output_delay (0)
-------------------------------
 There are 0 ports with no output delay specified.

 There are 0 ports with no output delay but user has a false path constraint

 There are 0 ports with no output delay but with a timing clock defined on it or propagating through it


7. checking multiple_clock (0)
------------------------------
 There are 0 register/latch pins with multiple clocks.


8. checking generated_clocks (0)
--------------------------------
 There are 0 generated clocks that are not connected to a clock source.


9. checking loops (0)
---------------------
 There are 0 combinational loops in the design.


10. checking partial_input_delay (0)
------------------------------------
 There are 0 input ports with partial input delay specified.


11. checking partial_output_delay (0)
-------------------------------------
 There are 0 ports with partial output delay specified.


12. checking latch_loops (0)
----------------------------
 There are 0 combinational latch loops in the design through latch input



------------------------------------------------------------------------------------------------
| Design Timing Summary
| ---------------------
------------------------------------------------------------------------------------------------

    WNS(ns)      TNS(ns)  TNS Failing Endpoints  TNS Total Endpoints      WHS(ns)      THS(ns)  THS Failing Endpoints  THS Total Endpoints     WPWS(ns)     TPWS(ns)  TPWS Failing Endpoints  TPWS Total Endpoints  
    -------      -------  ---------------------  -------------------      -------      -------  ---------------------  -------------------     --------     --------  ----------------------  --------------------  
        inf        0.000                      0                   17          inf        0.000                      0                   17           NA           NA                      NA                    NA  


There are no user specified timing constraints.


------------------------------------------------------------------------------------------------
| Clock Summary
| -------------
------------------------------------------------------------------------------------------------


------------------------------------------------------------------------------------------------
| Intra Clock Table
| -----------------
------------------------------------------------------------------------------------------------

Clock             WNS(ns)      TNS(ns)  TNS Failing Endpoints  TNS Total Endpoints      WHS(ns)      THS(ns)  THS Failing Endpoints  THS Total Endpoints     WPWS(ns)     TPWS(ns)  TPWS Failing Endpoints  TPWS Total Endpoints  
-----             -------      -------  ---------------------  -------------------      -------      -------  ---------------------  -------------------     --------     --------  ----------------------  --------------------  


------------------------------------------------------------------------------------------------
| Inter Clock Table
| -----------------
------------------------------------------------------------------------------------------------

From Clock    To Clock          WNS(ns)      TNS(ns)  TNS Failing Endpoints  TNS Total Endpoints      WHS(ns)      THS(ns)  THS Failing Endpoints  THS Total Endpoints  
----------    --------          -------      -------  ---------------------  -------------------      -------      -------  ---------------------  -------------------  


------------------------------------------------------------------------------------------------
| Other Path Groups Table
| -----------------------
------------------------------------------------------------------------------------------------

Path Group    From Clock    To Clock          WNS(ns)      TNS(ns)  TNS Failing Endpoints  TNS Total Endpoints      WHS(ns)      THS(ns)  THS Failing Endpoints  THS Total Endpoints  
----------    ----------    --------          -------      -------  ---------------------  -------------------      -------      -------  ---------------------  -------------------  


------------------------------------------------------------------------------------------------
| User Ignored Path Table
| -----------------------
------------------------------------------------------------------------------------------------

Path Group    From Clock    To Clock    
----------    ----------    --------    


------------------------------------------------------------------------------------------------
| Unconstrained Path Table
| ------------------------
------------------------------------------------------------------------------------------------

Path Group    From Clock    To Clock    
----------    ----------    --------    
(none)                                    


------------------------------------------------------------------------------------------------
| Timing Details
| --------------
------------------------------------------------------------------------------------------------


--------------------------------------------------------------------------------------
Path Group:  (none)
From Clock:  
  To Clock:  

Max Delay            17 Endpoints
Min Delay            17 Endpoints
--------------------------------------------------------------------------------------


Max Delay Paths
--------------------------------------------------------------------------------------
Slack:                    inf
  Source:                 i_1_3[2]
                            (input port)
  Destination:            sum[13]
                            (output port)
  Path Group:             (none)
  Path Type:              Max at Slow Process Corner
  Data Path Delay:        20.942ns  (logic 4.818ns (23.005%)  route 16.125ns (76.995%))
  Logic Levels:           11  (IBUF=1 LUT2=1 LUT5=1 LUT6=7 OBUF=1)

    Location             Delay type                Incr(ns)  Path(ns)    Netlist Resource(s)
  -------------------------------------------------------------------    -------------------
    V10                                               0.000     0.000 r  i_1_3[2] (IN)
                         net (fo=0)                   0.000     0.000    i_1_3[2]
    V10                  IBUF (Prop_ibuf_I_O)         0.990     0.990 r  i_1_3_IBUF[2]_inst/O
                         net (fo=3, routed)           6.694     7.684    i_1_3_IBUF[2]
    SLICE_X113Y65        LUT6 (Prop_lut6_I2_O)        0.124     7.808 r  sum_OBUF[6]_inst_i_21/O
                         net (fo=3, routed)           1.864     9.672    primo_sommatore_Lev2[3].istanziazione_FA/p_0_in
    SLICE_X112Y87        LUT5 (Prop_lut5_I1_O)        0.124     9.796 r  sum_OBUF[6]_inst_i_17/O
                         net (fo=5, routed)           0.978    10.773    sommatore_Lev3[4].istanziazione_FA/p_0_in
    SLICE_X110Y89        LUT6 (Prop_lut6_I4_O)        0.124    10.897 r  sum_OBUF[6]_inst_i_4/O
                         net (fo=2, routed)           1.115    12.012    sum_OBUF[6]_inst_i_4_n_4
    SLICE_X112Y87        LUT6 (Prop_lut6_I5_O)        0.124    12.136 r  sum_OBUF[6]_inst_i_3/O
                         net (fo=3, routed)           0.952    13.088    sommatore_Lev5/loop_n[5].fa_i/p_0_in
    SLICE_X111Y89        LUT6 (Prop_lut6_I1_O)        0.124    13.212 r  sum_OBUF[8]_inst_i_2/O
                         net (fo=3, routed)           0.487    13.699    sommatore_Lev5/c_7
    SLICE_X111Y89        LUT6 (Prop_lut6_I0_O)        0.124    13.823 r  sum_OBUF[10]_inst_i_2/O
                         net (fo=3, routed)           0.808    14.632    sommatore_Lev5/c_9
    SLICE_X111Y91        LUT6 (Prop_lut6_I0_O)        0.124    14.756 r  sum_OBUF[12]_inst_i_2/O
                         net (fo=3, routed)           0.965    15.720    sommatore_Lev5/c_11
    SLICE_X112Y93        LUT6 (Prop_lut6_I0_O)        0.124    15.844 r  sum_OBUF[16]_inst_i_4/O
                         net (fo=3, routed)           0.592    16.436    sommatore_Lev5/c_13
    SLICE_X113Y95        LUT2 (Prop_lut2_I0_O)        0.124    16.560 r  sum_OBUF[13]_inst_i_1/O
                         net (fo=1, routed)           1.670    18.230    sum_OBUF[13]
    T12                  OBUF (Prop_obuf_I_O)         2.712    20.942 r  sum_OBUF[13]_inst/O
                         net (fo=0)                   0.000    20.942    sum[13]
    T12                                                               r  sum[13] (OUT)
  -------------------------------------------------------------------    -------------------

Slack:                    inf
  Source:                 i_1_3[2]
                            (input port)
  Destination:            sum[16]
                            (output port)
  Path Group:             (none)
  Path Type:              Max at Slow Process Corner
  Data Path Delay:        20.914ns  (logic 4.740ns (22.665%)  route 16.174ns (77.335%))
  Logic Levels:           11  (IBUF=1 LUT5=1 LUT6=8 OBUF=1)

    Location             Delay type                Incr(ns)  Path(ns)    Netlist Resource(s)
  -------------------------------------------------------------------    -------------------
    V10                                               0.000     0.000 r  i_1_3[2] (IN)
                         net (fo=0)                   0.000     0.000    i_1_3[2]
    V10                  IBUF (Prop_ibuf_I_O)         0.990     0.990 r  i_1_3_IBUF[2]_inst/O
                         net (fo=3, routed)           6.694     7.684    i_1_3_IBUF[2]
    SLICE_X113Y65        LUT6 (Prop_lut6_I2_O)        0.124     7.808 r  sum_OBUF[6]_inst_i_21/O
                         net (fo=3, routed)           1.864     9.672    primo_sommatore_Lev2[3].istanziazione_FA/p_0_in
    SLICE_X112Y87        LUT5 (Prop_lut5_I1_O)        0.124     9.796 r  sum_OBUF[6]_inst_i_17/O
                         net (fo=5, routed)           0.978    10.773    sommatore_Lev3[4].istanziazione_FA/p_0_in
    SLICE_X110Y89        LUT6 (Prop_lut6_I4_O)        0.124    10.897 r  sum_OBUF[6]_inst_i_4/O
                         net (fo=2, routed)           1.115    12.012    sum_OBUF[6]_inst_i_4_n_4
    SLICE_X112Y87        LUT6 (Prop_lut6_I5_O)        0.124    12.136 r  sum_OBUF[6]_inst_i_3/O
                         net (fo=3, routed)           0.952    13.088    sommatore_Lev5/loop_n[5].fa_i/p_0_in
    SLICE_X111Y89        LUT6 (Prop_lut6_I1_O)        0.124    13.212 f  sum_OBUF[8]_inst_i_2/O
                         net (fo=3, routed)           0.487    13.699    sommatore_Lev5/c_7
    SLICE_X111Y89        LUT6 (Prop_lut6_I0_O)        0.124    13.823 f  sum_OBUF[10]_inst_i_2/O
                         net (fo=3, routed)           0.808    14.632    sommatore_Lev5/c_9
    SLICE_X111Y91        LUT6 (Prop_lut6_I0_O)        0.124    14.756 f  sum_OBUF[12]_inst_i_2/O
                         net (fo=3, routed)           0.965    15.720    sommatore_Lev5/c_11
    SLICE_X112Y93        LUT6 (Prop_lut6_I0_O)        0.124    15.844 f  sum_OBUF[16]_inst_i_4/O
                         net (fo=3, routed)           0.313    16.157    sommatore_Lev5/c_13
    SLICE_X113Y95        LUT6 (Prop_lut6_I2_O)        0.124    16.281 r  sum_OBUF[16]_inst_i_1/O
                         net (fo=2, routed)           1.999    18.280    sum_OBUF[15]
    R19                  OBUF (Prop_obuf_I_O)         2.634    20.914 r  sum_OBUF[16]_inst/O
                         net (fo=0)                   0.000    20.914    sum[16]
    R19                                                               r  sum[16] (OUT)
  -------------------------------------------------------------------    -------------------

Slack:                    inf
  Source:                 i_1_3[2]
                            (input port)
  Destination:            sum[14]
                            (output port)
  Path Group:             (none)
  Path Type:              Max at Slow Process Corner
  Data Path Delay:        20.781ns  (logic 4.797ns (23.082%)  route 15.985ns (76.918%))
  Logic Levels:           11  (IBUF=1 LUT5=1 LUT6=8 OBUF=1)

    Location             Delay type                Incr(ns)  Path(ns)    Netlist Resource(s)
  -------------------------------------------------------------------    -------------------
    V10                                               0.000     0.000 r  i_1_3[2] (IN)
                         net (fo=0)                   0.000     0.000    i_1_3[2]
    V10                  IBUF (Prop_ibuf_I_O)         0.990     0.990 r  i_1_3_IBUF[2]_inst/O
                         net (fo=3, routed)           6.694     7.684    i_1_3_IBUF[2]
    SLICE_X113Y65        LUT6 (Prop_lut6_I2_O)        0.124     7.808 r  sum_OBUF[6]_inst_i_21/O
                         net (fo=3, routed)           1.864     9.672    primo_sommatore_Lev2[3].istanziazione_FA/p_0_in
    SLICE_X112Y87        LUT5 (Prop_lut5_I1_O)        0.124     9.796 r  sum_OBUF[6]_inst_i_17/O
                         net (fo=5, routed)           0.978    10.773    sommatore_Lev3[4].istanziazione_FA/p_0_in
    SLICE_X110Y89        LUT6 (Prop_lut6_I4_O)        0.124    10.897 r  sum_OBUF[6]_inst_i_4/O
                         net (fo=2, routed)           1.115    12.012    sum_OBUF[6]_inst_i_4_n_4
    SLICE_X112Y87        LUT6 (Prop_lut6_I5_O)        0.124    12.136 r  sum_OBUF[6]_inst_i_3/O
                         net (fo=3, routed)           0.952    13.088    sommatore_Lev5/loop_n[5].fa_i/p_0_in
    SLICE_X111Y89        LUT6 (Prop_lut6_I1_O)        0.124    13.212 r  sum_OBUF[8]_inst_i_2/O
                         net (fo=3, routed)           0.487    13.699    sommatore_Lev5/c_7
    SLICE_X111Y89        LUT6 (Prop_lut6_I0_O)        0.124    13.823 r  sum_OBUF[10]_inst_i_2/O
                         net (fo=3, routed)           0.808    14.632    sommatore_Lev5/c_9
    SLICE_X111Y91        LUT6 (Prop_lut6_I0_O)        0.124    14.756 r  sum_OBUF[12]_inst_i_2/O
                         net (fo=3, routed)           0.965    15.720    sommatore_Lev5/c_11
    SLICE_X112Y93        LUT6 (Prop_lut6_I0_O)        0.124    15.844 r  sum_OBUF[16]_inst_i_4/O
                         net (fo=3, routed)           0.316    16.160    sommatore_Lev5/c_13
    SLICE_X113Y95        LUT6 (Prop_lut6_I1_O)        0.124    16.284 r  sum_OBUF[14]_inst_i_1/O
                         net (fo=1, routed)           1.807    18.090    sum_OBUF[14]
    T10                  OBUF (Prop_obuf_I_O)         2.691    20.781 r  sum_OBUF[14]_inst/O
                         net (fo=0)                   0.000    20.781    sum[14]
    T10                                                               r  sum[14] (OUT)
  -------------------------------------------------------------------    -------------------

Slack:                    inf
  Source:                 i_1_3[2]
                            (input port)
  Destination:            sum[15]
                            (output port)
  Path Group:             (none)
  Path Type:              Max at Slow Process Corner
  Data Path Delay:        20.701ns  (logic 4.803ns (23.204%)  route 15.897ns (76.796%))
  Logic Levels:           11  (IBUF=1 LUT5=1 LUT6=8 OBUF=1)

    Location             Delay type                Incr(ns)  Path(ns)    Netlist Resource(s)
  -------------------------------------------------------------------    -------------------
    V10                                               0.000     0.000 r  i_1_3[2] (IN)
                         net (fo=0)                   0.000     0.000    i_1_3[2]
    V10                  IBUF (Prop_ibuf_I_O)         0.990     0.990 r  i_1_3_IBUF[2]_inst/O
                         net (fo=3, routed)           6.694     7.684    i_1_3_IBUF[2]
    SLICE_X113Y65        LUT6 (Prop_lut6_I2_O)        0.124     7.808 r  sum_OBUF[6]_inst_i_21/O
                         net (fo=3, routed)           1.864     9.672    primo_sommatore_Lev2[3].istanziazione_FA/p_0_in
    SLICE_X112Y87        LUT5 (Prop_lut5_I1_O)        0.124     9.796 r  sum_OBUF[6]_inst_i_17/O
                         net (fo=5, routed)           0.978    10.773    sommatore_Lev3[4].istanziazione_FA/p_0_in
    SLICE_X110Y89        LUT6 (Prop_lut6_I4_O)        0.124    10.897 r  sum_OBUF[6]_inst_i_4/O
                         net (fo=2, routed)           1.115    12.012    sum_OBUF[6]_inst_i_4_n_4
    SLICE_X112Y87        LUT6 (Prop_lut6_I5_O)        0.124    12.136 r  sum_OBUF[6]_inst_i_3/O
                         net (fo=3, routed)           0.952    13.088    sommatore_Lev5/loop_n[5].fa_i/p_0_in
    SLICE_X111Y89        LUT6 (Prop_lut6_I1_O)        0.124    13.212 f  sum_OBUF[8]_inst_i_2/O
                         net (fo=3, routed)           0.487    13.699    sommatore_Lev5/c_7
    SLICE_X111Y89        LUT6 (Prop_lut6_I0_O)        0.124    13.823 f  sum_OBUF[10]_inst_i_2/O
                         net (fo=3, routed)           0.808    14.632    sommatore_Lev5/c_9
    SLICE_X111Y91        LUT6 (Prop_lut6_I0_O)        0.124    14.756 f  sum_OBUF[12]_inst_i_2/O
                         net (fo=3, routed)           0.965    15.720    sommatore_Lev5/c_11
    SLICE_X112Y93        LUT6 (Prop_lut6_I0_O)        0.124    15.844 f  sum_OBUF[16]_inst_i_4/O
                         net (fo=3, routed)           0.313    16.157    sommatore_Lev5/c_13
    SLICE_X113Y95        LUT6 (Prop_lut6_I2_O)        0.124    16.281 r  sum_OBUF[16]_inst_i_1/O
                         net (fo=2, routed)           1.722    18.003    sum_OBUF[15]
    T11                  OBUF (Prop_obuf_I_O)         2.698    20.701 r  sum_OBUF[15]_inst/O
                         net (fo=0)                   0.000    20.701    sum[15]
    T11                                                               r  sum[15] (OUT)
  -------------------------------------------------------------------    -------------------

Slack:                    inf
  Source:                 i_1_3[2]
                            (input port)
  Destination:            sum[11]
                            (output port)
  Path Group:             (none)
  Path Type:              Max at Slow Process Corner
  Data Path Delay:        20.306ns  (logic 4.926ns (24.261%)  route 15.379ns (75.739%))
  Logic Levels:           10  (IBUF=1 LUT2=1 LUT5=1 LUT6=6 OBUF=1)

    Location             Delay type                Incr(ns)  Path(ns)    Netlist Resource(s)
  -------------------------------------------------------------------    -------------------
    V10                                               0.000     0.000 r  i_1_3[2] (IN)
                         net (fo=0)                   0.000     0.000    i_1_3[2]
    V10                  IBUF (Prop_ibuf_I_O)         0.990     0.990 r  i_1_3_IBUF[2]_inst/O
                         net (fo=3, routed)           6.694     7.684    i_1_3_IBUF[2]
    SLICE_X113Y65        LUT6 (Prop_lut6_I2_O)        0.124     7.808 r  sum_OBUF[6]_inst_i_21/O
                         net (fo=3, routed)           1.864     9.672    primo_sommatore_Lev2[3].istanziazione_FA/p_0_in
    SLICE_X112Y87        LUT5 (Prop_lut5_I1_O)        0.124     9.796 r  sum_OBUF[6]_inst_i_17/O
                         net (fo=5, routed)           0.978    10.773    sommatore_Lev3[4].istanziazione_FA/p_0_in
    SLICE_X110Y89        LUT6 (Prop_lut6_I4_O)        0.124    10.897 r  sum_OBUF[6]_inst_i_4/O
                         net (fo=2, routed)           1.115    12.012    sum_OBUF[6]_inst_i_4_n_4
    SLICE_X112Y87        LUT6 (Prop_lut6_I5_O)        0.124    12.136 r  sum_OBUF[6]_inst_i_3/O
                         net (fo=3, routed)           0.952    13.088    sommatore_Lev5/loop_n[5].fa_i/p_0_in
    SLICE_X111Y89        LUT6 (Prop_lut6_I1_O)        0.124    13.212 r  sum_OBUF[8]_inst_i_2/O
                         net (fo=3, routed)           0.487    13.699    sommatore_Lev5/c_7
    SLICE_X111Y89        LUT6 (Prop_lut6_I0_O)        0.124    13.823 r  sum_OBUF[10]_inst_i_2/O
                         net (fo=3, routed)           0.808    14.632    sommatore_Lev5/c_9
    SLICE_X111Y91        LUT6 (Prop_lut6_I0_O)        0.124    14.756 r  sum_OBUF[12]_inst_i_2/O
                         net (fo=3, routed)           0.675    15.430    sommatore_Lev5/c_11
    SLICE_X112Y92        LUT2 (Prop_lut2_I0_O)        0.148    15.578 r  sum_OBUF[11]_inst_i_1/O
                         net (fo=1, routed)           1.807    17.385    sum_OBUF[11]
    U13                  OBUF (Prop_obuf_I_O)         2.921    20.306 r  sum_OBUF[11]_inst/O
                         net (fo=0)                   0.000    20.306    sum[11]
    U13                                                               r  sum[11] (OUT)
  -------------------------------------------------------------------    -------------------

Slack:                    inf
  Source:                 i_1_3[2]
                            (input port)
  Destination:            sum[12]
                            (output port)
  Path Group:             (none)
  Path Type:              Max at Slow Process Corner
  Data Path Delay:        20.125ns  (logic 4.700ns (23.355%)  route 15.425ns (76.645%))
  Logic Levels:           10  (IBUF=1 LUT4=1 LUT5=1 LUT6=6 OBUF=1)

    Location             Delay type                Incr(ns)  Path(ns)    Netlist Resource(s)
  -------------------------------------------------------------------    -------------------
    V10                                               0.000     0.000 r  i_1_3[2] (IN)
                         net (fo=0)                   0.000     0.000    i_1_3[2]
    V10                  IBUF (Prop_ibuf_I_O)         0.990     0.990 r  i_1_3_IBUF[2]_inst/O
                         net (fo=3, routed)           6.694     7.684    i_1_3_IBUF[2]
    SLICE_X113Y65        LUT6 (Prop_lut6_I2_O)        0.124     7.808 r  sum_OBUF[6]_inst_i_21/O
                         net (fo=3, routed)           1.864     9.672    primo_sommatore_Lev2[3].istanziazione_FA/p_0_in
    SLICE_X112Y87        LUT5 (Prop_lut5_I1_O)        0.124     9.796 r  sum_OBUF[6]_inst_i_17/O
                         net (fo=5, routed)           0.978    10.773    sommatore_Lev3[4].istanziazione_FA/p_0_in
    SLICE_X110Y89        LUT6 (Prop_lut6_I4_O)        0.124    10.897 r  sum_OBUF[6]_inst_i_4/O
                         net (fo=2, routed)           1.115    12.012    sum_OBUF[6]_inst_i_4_n_4
    SLICE_X112Y87        LUT6 (Prop_lut6_I5_O)        0.124    12.136 r  sum_OBUF[6]_inst_i_3/O
                         net (fo=3, routed)           0.952    13.088    sommatore_Lev5/loop_n[5].fa_i/p_0_in
    SLICE_X111Y89        LUT6 (Prop_lut6_I1_O)        0.124    13.212 r  sum_OBUF[8]_inst_i_2/O
                         net (fo=3, routed)           0.487    13.699    sommatore_Lev5/c_7
    SLICE_X111Y89        LUT6 (Prop_lut6_I0_O)        0.124    13.823 r  sum_OBUF[10]_inst_i_2/O
                         net (fo=3, routed)           0.808    14.632    sommatore_Lev5/c_9
    SLICE_X111Y91        LUT6 (Prop_lut6_I0_O)        0.124    14.756 r  sum_OBUF[12]_inst_i_2/O
                         net (fo=3, routed)           0.675    15.430    sommatore_Lev5/c_11
    SLICE_X112Y92        LUT4 (Prop_lut4_I0_O)        0.124    15.554 r  sum_OBUF[12]_inst_i_1/O
                         net (fo=1, routed)           1.852    17.407    sum_OBUF[12]
    U12                  OBUF (Prop_obuf_I_O)         2.719    20.125 r  sum_OBUF[12]_inst/O
                         net (fo=0)                   0.000    20.125    sum[12]
    U12                                                               r  sum[12] (OUT)
  -------------------------------------------------------------------    -------------------

Slack:                    inf
  Source:                 i_1_3[2]
                            (input port)
  Destination:            sum[10]
                            (output port)
  Path Group:             (none)
  Path Type:              Max at Slow Process Corner
  Data Path Delay:        19.493ns  (logic 4.812ns (24.684%)  route 14.681ns (75.316%))
  Logic Levels:           9  (IBUF=1 LUT4=1 LUT5=1 LUT6=5 OBUF=1)

    Location             Delay type                Incr(ns)  Path(ns)    Netlist Resource(s)
  -------------------------------------------------------------------    -------------------
    V10                                               0.000     0.000 r  i_1_3[2] (IN)
                         net (fo=0)                   0.000     0.000    i_1_3[2]
    V10                  IBUF (Prop_ibuf_I_O)         0.990     0.990 r  i_1_3_IBUF[2]_inst/O
                         net (fo=3, routed)           6.694     7.684    i_1_3_IBUF[2]
    SLICE_X113Y65        LUT6 (Prop_lut6_I2_O)        0.124     7.808 r  sum_OBUF[6]_inst_i_21/O
                         net (fo=3, routed)           1.864     9.672    primo_sommatore_Lev2[3].istanziazione_FA/p_0_in
    SLICE_X112Y87        LUT5 (Prop_lut5_I1_O)        0.124     9.796 r  sum_OBUF[6]_inst_i_17/O
                         net (fo=5, routed)           0.978    10.773    sommatore_Lev3[4].istanziazione_FA/p_0_in
    SLICE_X110Y89        LUT6 (Prop_lut6_I4_O)        0.124    10.897 r  sum_OBUF[6]_inst_i_4/O
                         net (fo=2, routed)           1.115    12.012    sum_OBUF[6]_inst_i_4_n_4
    SLICE_X112Y87        LUT6 (Prop_lut6_I5_O)        0.124    12.136 r  sum_OBUF[6]_inst_i_3/O
                         net (fo=3, routed)           0.952    13.088    sommatore_Lev5/loop_n[5].fa_i/p_0_in
    SLICE_X111Y89        LUT6 (Prop_lut6_I1_O)        0.124    13.212 r  sum_OBUF[8]_inst_i_2/O
                         net (fo=3, routed)           0.487    13.699    sommatore_Lev5/c_7
    SLICE_X111Y89        LUT6 (Prop_lut6_I0_O)        0.124    13.823 r  sum_OBUF[10]_inst_i_2/O
                         net (fo=3, routed)           0.783    14.607    sommatore_Lev5/c_9
    SLICE_X113Y91        LUT4 (Prop_lut4_I0_O)        0.152    14.759 r  sum_OBUF[10]_inst_i_1/O
                         net (fo=1, routed)           1.808    16.567    sum_OBUF[10]
    V13                  OBUF (Prop_obuf_I_O)         2.926    19.493 r  sum_OBUF[10]_inst/O
                         net (fo=0)                   0.000    19.493    sum[10]
    V13                                                               r  sum[10] (OUT)
  -------------------------------------------------------------------    -------------------

Slack:                    inf
  Source:                 i_1_3[2]
                            (input port)
  Destination:            sum[9]
                            (output port)
  Path Group:             (none)
  Path Type:              Max at Slow Process Corner
  Data Path Delay:        19.092ns  (logic 4.552ns (23.842%)  route 14.540ns (76.158%))
  Logic Levels:           9  (IBUF=1 LUT2=1 LUT5=1 LUT6=5 OBUF=1)

    Location             Delay type                Incr(ns)  Path(ns)    Netlist Resource(s)
  -------------------------------------------------------------------    -------------------
    V10                                               0.000     0.000 r  i_1_3[2] (IN)
                         net (fo=0)                   0.000     0.000    i_1_3[2]
    V10                  IBUF (Prop_ibuf_I_O)         0.990     0.990 r  i_1_3_IBUF[2]_inst/O
                         net (fo=3, routed)           6.694     7.684    i_1_3_IBUF[2]
    SLICE_X113Y65        LUT6 (Prop_lut6_I2_O)        0.124     7.808 r  sum_OBUF[6]_inst_i_21/O
                         net (fo=3, routed)           1.864     9.672    primo_sommatore_Lev2[3].istanziazione_FA/p_0_in
    SLICE_X112Y87        LUT5 (Prop_lut5_I1_O)        0.124     9.796 r  sum_OBUF[6]_inst_i_17/O
                         net (fo=5, routed)           0.978    10.773    sommatore_Lev3[4].istanziazione_FA/p_0_in
    SLICE_X110Y89        LUT6 (Prop_lut6_I4_O)        0.124    10.897 r  sum_OBUF[6]_inst_i_4/O
                         net (fo=2, routed)           1.115    12.012    sum_OBUF[6]_inst_i_4_n_4
    SLICE_X112Y87        LUT6 (Prop_lut6_I5_O)        0.124    12.136 r  sum_OBUF[6]_inst_i_3/O
                         net (fo=3, routed)           0.952    13.088    sommatore_Lev5/loop_n[5].fa_i/p_0_in
    SLICE_X111Y89        LUT6 (Prop_lut6_I1_O)        0.124    13.212 r  sum_OBUF[8]_inst_i_2/O
                         net (fo=3, routed)           0.487    13.699    sommatore_Lev5/c_7
    SLICE_X111Y89        LUT6 (Prop_lut6_I0_O)        0.124    13.823 r  sum_OBUF[10]_inst_i_2/O
                         net (fo=3, routed)           0.783    14.607    sommatore_Lev5/c_9
    SLICE_X113Y91        LUT2 (Prop_lut2_I0_O)        0.124    14.731 r  sum_OBUF[9]_inst_i_1/O
                         net (fo=1, routed)           1.668    16.398    sum_OBUF[9]
    V12                  OBUF (Prop_obuf_I_O)         2.694    19.092 r  sum_OBUF[9]_inst/O
                         net (fo=0)                   0.000    19.092    sum[9]
    V12                                                               r  sum[9] (OUT)
  -------------------------------------------------------------------    -------------------

Slack:                    inf
  Source:                 i_1_3[2]
                            (input port)
  Destination:            sum[8]
                            (output port)
  Path Group:             (none)
  Path Type:              Max at Slow Process Corner
  Data Path Delay:        18.535ns  (logic 4.609ns (24.866%)  route 13.926ns (75.134%))
  Logic Levels:           8  (IBUF=1 LUT4=1 LUT5=1 LUT6=4 OBUF=1)

    Location             Delay type                Incr(ns)  Path(ns)    Netlist Resource(s)
  -------------------------------------------------------------------    -------------------
    V10                                               0.000     0.000 r  i_1_3[2] (IN)
                         net (fo=0)                   0.000     0.000    i_1_3[2]
    V10                  IBUF (Prop_ibuf_I_O)         0.990     0.990 r  i_1_3_IBUF[2]_inst/O
                         net (fo=3, routed)           6.694     7.684    i_1_3_IBUF[2]
    SLICE_X113Y65        LUT6 (Prop_lut6_I2_O)        0.124     7.808 r  sum_OBUF[6]_inst_i_21/O
                         net (fo=3, routed)           1.864     9.672    primo_sommatore_Lev2[3].istanziazione_FA/p_0_in
    SLICE_X112Y87        LUT5 (Prop_lut5_I1_O)        0.124     9.796 r  sum_OBUF[6]_inst_i_17/O
                         net (fo=5, routed)           0.978    10.773    sommatore_Lev3[4].istanziazione_FA/p_0_in
    SLICE_X110Y89        LUT6 (Prop_lut6_I4_O)        0.124    10.897 r  sum_OBUF[6]_inst_i_4/O
                         net (fo=2, routed)           1.115    12.012    sum_OBUF[6]_inst_i_4_n_4
    SLICE_X112Y87        LUT6 (Prop_lut6_I5_O)        0.124    12.136 r  sum_OBUF[6]_inst_i_3/O
                         net (fo=3, routed)           0.952    13.088    sommatore_Lev5/loop_n[5].fa_i/p_0_in
    SLICE_X111Y89        LUT6 (Prop_lut6_I1_O)        0.124    13.212 r  sum_OBUF[8]_inst_i_2/O
                         net (fo=3, routed)           0.483    13.695    sommatore_Lev5/c_7
    SLICE_X111Y89        LUT4 (Prop_lut4_I0_O)        0.118    13.813 r  sum_OBUF[8]_inst_i_1/O
                         net (fo=1, routed)           1.841    15.654    sum_OBUF[8]
    W13                  OBUF (Prop_obuf_I_O)         2.881    18.535 r  sum_OBUF[8]_inst/O
                         net (fo=0)                   0.000    18.535    sum[8]
    W13                                                               r  sum[8] (OUT)
  -------------------------------------------------------------------    -------------------

Slack:                    inf
  Source:                 i_1_3[2]
                            (input port)
  Destination:            sum[7]
                            (output port)
  Path Group:             (none)
  Path Type:              Max at Slow Process Corner
  Data Path Delay:        18.296ns  (logic 4.410ns (24.104%)  route 13.886ns (75.896%))
  Logic Levels:           8  (IBUF=1 LUT2=1 LUT5=1 LUT6=4 OBUF=1)

    Location             Delay type                Incr(ns)  Path(ns)    Netlist Resource(s)
  -------------------------------------------------------------------    -------------------
    V10                                               0.000     0.000 r  i_1_3[2] (IN)
                         net (fo=0)                   0.000     0.000    i_1_3[2]
    V10                  IBUF (Prop_ibuf_I_O)         0.990     0.990 r  i_1_3_IBUF[2]_inst/O
                         net (fo=3, routed)           6.694     7.684    i_1_3_IBUF[2]
    SLICE_X113Y65        LUT6 (Prop_lut6_I2_O)        0.124     7.808 r  sum_OBUF[6]_inst_i_21/O
                         net (fo=3, routed)           1.864     9.672    primo_sommatore_Lev2[3].istanziazione_FA/p_0_in
    SLICE_X112Y87        LUT5 (Prop_lut5_I1_O)        0.124     9.796 r  sum_OBUF[6]_inst_i_17/O
                         net (fo=5, routed)           0.978    10.773    sommatore_Lev3[4].istanziazione_FA/p_0_in
    SLICE_X110Y89        LUT6 (Prop_lut6_I4_O)        0.124    10.897 r  sum_OBUF[6]_inst_i_4/O
                         net (fo=2, routed)           1.115    12.012    sum_OBUF[6]_inst_i_4_n_4
    SLICE_X112Y87        LUT6 (Prop_lut6_I5_O)        0.124    12.136 r  sum_OBUF[6]_inst_i_3/O
                         net (fo=3, routed)           0.952    13.088    sommatore_Lev5/loop_n[5].fa_i/p_0_in
    SLICE_X111Y89        LUT6 (Prop_lut6_I1_O)        0.124    13.212 r  sum_OBUF[8]_inst_i_2/O
                         net (fo=3, routed)           0.483    13.695    sommatore_Lev5/c_7
    SLICE_X111Y89        LUT2 (Prop_lut2_I0_O)        0.124    13.819 r  sum_OBUF[7]_inst_i_1/O
                         net (fo=1, routed)           1.801    15.620    sum_OBUF[7]
    T14                  OBUF (Prop_obuf_I_O)         2.676    18.296 r  sum_OBUF[7]_inst/O
                         net (fo=0)                   0.000    18.296    sum[7]
    T14                                                               r  sum[7] (OUT)
  -------------------------------------------------------------------    -------------------





Min Delay Paths
--------------------------------------------------------------------------------------
Slack:                    inf
  Source:                 i_3_3[0]
                            (input port)
  Destination:            sum[1]
                            (output port)
  Path Group:             (none)
  Path Type:              Min at Fast Process Corner
  Data Path Delay:        2.450ns  (logic 1.484ns (60.558%)  route 0.966ns (39.442%))
  Logic Levels:           3  (IBUF=1 LUT6=1 OBUF=1)

    Location             Delay type                Incr(ns)  Path(ns)    Netlist Resource(s)
  -------------------------------------------------------------------    -------------------
    N18                                               0.000     0.000 r  i_3_3[0] (IN)
                         net (fo=0)                   0.000     0.000    i_3_3[0]
    N18                  IBUF (Prop_ibuf_I_O)         0.175     0.175 r  i_3_3_IBUF[0]_inst/O
                         net (fo=7, routed)           0.635     0.810    i_3_3_IBUF[0]
    SLICE_X113Y84        LUT6 (Prop_lut6_I4_O)        0.045     0.855 r  sum_OBUF[1]_inst_i_1/O
                         net (fo=1, routed)           0.331     1.187    sum_OBUF[1]
    W14                  OBUF (Prop_obuf_I_O)         1.264     2.450 r  sum_OBUF[1]_inst/O
                         net (fo=0)                   0.000     2.450    sum[1]
    W14                                                               r  sum[1] (OUT)
  -------------------------------------------------------------------    -------------------

Slack:                    inf
  Source:                 i_3_3[0]
                            (input port)
  Destination:            sum[0]
                            (output port)
  Path Group:             (none)
  Path Type:              Min at Fast Process Corner
  Data Path Delay:        2.528ns  (logic 1.536ns (60.752%)  route 0.992ns (39.248%))
  Logic Levels:           3  (IBUF=1 LUT4=1 OBUF=1)

    Location             Delay type                Incr(ns)  Path(ns)    Netlist Resource(s)
  -------------------------------------------------------------------    -------------------
    N18                                               0.000     0.000 r  i_3_3[0] (IN)
                         net (fo=0)                   0.000     0.000    i_3_3[0]
    N18                  IBUF (Prop_ibuf_I_O)         0.175     0.175 r  i_3_3_IBUF[0]_inst/O
                         net (fo=7, routed)           0.657     0.832    i_3_3_IBUF[0]
    SLICE_X113Y83        LUT4 (Prop_lut4_I2_O)        0.046     0.878 r  sum_OBUF[0]_inst_i_1/O
                         net (fo=1, routed)           0.335     1.213    sum_OBUF[0]
    Y14                  OBUF (Prop_obuf_I_O)         1.314     2.528 r  sum_OBUF[0]_inst/O
                         net (fo=0)                   0.000     2.528    sum[0]
    Y14                                                               r  sum[0] (OUT)
  -------------------------------------------------------------------    -------------------

Slack:                    inf
  Source:                 i_3_3[0]
                            (input port)
  Destination:            sum[4]
                            (output port)
  Path Group:             (none)
  Path Type:              Min at Fast Process Corner
  Data Path Delay:        2.620ns  (logic 1.450ns (55.346%)  route 1.170ns (44.654%))
  Logic Levels:           5  (IBUF=1 LUT2=1 LUT6=2 OBUF=1)

    Location             Delay type                Incr(ns)  Path(ns)    Netlist Resource(s)
  -------------------------------------------------------------------    -------------------
    N18                                               0.000     0.000 r  i_3_3[0] (IN)
                         net (fo=0)                   0.000     0.000    i_3_3[0]
    N18                  IBUF (Prop_ibuf_I_O)         0.175     0.175 r  i_3_3_IBUF[0]_inst/O
                         net (fo=7, routed)           0.673     0.848    i_3_3_IBUF[0]
    SLICE_X112Y84        LUT6 (Prop_lut6_I1_O)        0.045     0.893 r  sum_OBUF[4]_inst_i_4/O
                         net (fo=1, routed)           0.114     1.007    sum_OBUF[4]_inst_i_4_n_4
    SLICE_X112Y86        LUT6 (Prop_lut6_I0_O)        0.045     1.052 r  sum_OBUF[4]_inst_i_2/O
                         net (fo=1, routed)           0.052     1.104    sommatore_Lev5/c_4
    SLICE_X112Y86        LUT2 (Prop_lut2_I0_O)        0.045     1.149 r  sum_OBUF[4]_inst_i_1/O
                         net (fo=1, routed)           0.331     1.480    sum_OBUF[4]
    R14                  OBUF (Prop_obuf_I_O)         1.140     2.620 r  sum_OBUF[4]_inst/O
                         net (fo=0)                   0.000     2.620    sum[4]
    R14                                                               r  sum[4] (OUT)
  -------------------------------------------------------------------    -------------------

Slack:                    inf
  Source:                 i_3_3[1]
                            (input port)
  Destination:            sum[2]
                            (output port)
  Path Group:             (none)
  Path Type:              Min at Fast Process Corner
  Data Path Delay:        2.697ns  (logic 1.537ns (57.003%)  route 1.160ns (42.997%))
  Logic Levels:           4  (IBUF=1 LUT4=1 LUT6=1 OBUF=1)

    Location             Delay type                Incr(ns)  Path(ns)    Netlist Resource(s)
  -------------------------------------------------------------------    -------------------
    U19                                               0.000     0.000 r  i_3_3[1] (IN)
                         net (fo=0)                   0.000     0.000    i_3_3[1]
    U19                  IBUF (Prop_ibuf_I_O)         0.217     0.217 r  i_3_3_IBUF[1]_inst/O
                         net (fo=4, routed)           0.571     0.787    i_3_3_IBUF[1]
    SLICE_X113Y85        LUT4 (Prop_lut4_I2_O)        0.045     0.832 r  sum_OBUF[2]_inst_i_6/O
                         net (fo=6, routed)           0.257     1.089    vs_2_2_2
    SLICE_X112Y85        LUT6 (Prop_lut6_I4_O)        0.045     1.134 r  sum_OBUF[2]_inst_i_1/O
                         net (fo=1, routed)           0.333     1.467    sum_OBUF[2]
    Y17                  OBUF (Prop_obuf_I_O)         1.231     2.697 r  sum_OBUF[2]_inst/O
                         net (fo=0)                   0.000     2.697    sum[2]
    Y17                                                               r  sum[2] (OUT)
  -------------------------------------------------------------------    -------------------

Slack:                    inf
  Source:                 i_3_3[1]
                            (input port)
  Destination:            sum[3]
                            (output port)
  Path Group:             (none)
  Path Type:              Min at Fast Process Corner
  Data Path Delay:        2.707ns  (logic 1.540ns (56.882%)  route 1.167ns (43.118%))
  Logic Levels:           4  (IBUF=1 LUT5=1 LUT6=1 OBUF=1)

    Location             Delay type                Incr(ns)  Path(ns)    Netlist Resource(s)
  -------------------------------------------------------------------    -------------------
    U19                                               0.000     0.000 r  i_3_3[1] (IN)
                         net (fo=0)                   0.000     0.000    i_3_3[1]
    U19                  IBUF (Prop_ibuf_I_O)         0.217     0.217 r  i_3_3_IBUF[1]_inst/O
                         net (fo=4, routed)           0.488     0.704    i_3_3_IBUF[1]
    SLICE_X113Y85        LUT5 (Prop_lut5_I0_O)        0.045     0.749 r  sum_OBUF[3]_inst_i_6/O
                         net (fo=4, routed)           0.347     1.096    sum_OBUF[3]_inst_i_6_n_4
    SLICE_X112Y86        LUT6 (Prop_lut6_I4_O)        0.045     1.141 r  sum_OBUF[3]_inst_i_1/O
                         net (fo=1, routed)           0.333     1.474    sum_OBUF[3]
    Y16                  OBUF (Prop_obuf_I_O)         1.233     2.707 r  sum_OBUF[3]_inst/O
                         net (fo=0)                   0.000     2.707    sum[3]
    Y16                                                               r  sum[3] (OUT)
  -------------------------------------------------------------------    -------------------

Slack:                    inf
  Source:                 i_2_2[11]
                            (input port)
  Destination:            sum[15]
                            (output port)
  Path Group:             (none)
  Path Type:              Min at Fast Process Corner
  Data Path Delay:        2.795ns  (logic 1.485ns (53.142%)  route 1.310ns (46.858%))
  Logic Levels:           4  (IBUF=1 LUT6=2 OBUF=1)

    Location             Delay type                Incr(ns)  Path(ns)    Netlist Resource(s)
  -------------------------------------------------------------------    -------------------
    G15                                               0.000     0.000 r  i_2_2[11] (IN)
                         net (fo=0)                   0.000     0.000    i_2_2[11]
    G15                  IBUF (Prop_ibuf_I_O)         0.182     0.182 r  i_2_2_IBUF[11]_inst/O
                         net (fo=4, routed)           0.510     0.691    i_2_2_IBUF[11]
    SLICE_X113Y99        LUT6 (Prop_lut6_I4_O)        0.045     0.736 r  sum_OBUF[16]_inst_i_5/O
                         net (fo=4, routed)           0.435     1.171    vr_2_2_13
    SLICE_X113Y95        LUT6 (Prop_lut6_I3_O)        0.045     1.216 r  sum_OBUF[16]_inst_i_1/O
                         net (fo=2, routed)           0.365     1.581    sum_OBUF[15]
    T11                  OBUF (Prop_obuf_I_O)         1.214     2.795 r  sum_OBUF[15]_inst/O
                         net (fo=0)                   0.000     2.795    sum[15]
    T11                                                               r  sum[15] (OUT)
  -------------------------------------------------------------------    -------------------

Slack:                    inf
  Source:                 i_3_3[2]
                            (input port)
  Destination:            sum[5]
                            (output port)
  Path Group:             (none)
  Path Type:              Min at Fast Process Corner
  Data Path Delay:        2.798ns  (logic 1.514ns (54.105%)  route 1.284ns (45.895%))
  Logic Levels:           5  (IBUF=1 LUT2=1 LUT4=1 LUT6=1 OBUF=1)

    Location             Delay type                Incr(ns)  Path(ns)    Netlist Resource(s)
  -------------------------------------------------------------------    -------------------
    U18                                               0.000     0.000 r  i_3_3[2] (IN)
                         net (fo=0)                   0.000     0.000    i_3_3[2]
    U18                  IBUF (Prop_ibuf_I_O)         0.212     0.212 r  i_3_3_IBUF[2]_inst/O
                         net (fo=4, routed)           0.636     0.849    i_3_3_IBUF[2]
    SLICE_X113Y86        LUT4 (Prop_lut4_I2_O)        0.045     0.894 r  sum_OBUF[6]_inst_i_10/O
                         net (fo=3, routed)           0.162     1.055    vs_2_2_3
    SLICE_X112Y87        LUT6 (Prop_lut6_I1_O)        0.045     1.100 r  sum_OBUF[6]_inst_i_3/O
                         net (fo=3, routed)           0.158     1.258    sommatore_Lev5/loop_n[5].fa_i/p_0_in
    SLICE_X112Y89        LUT2 (Prop_lut2_I1_O)        0.045     1.303 r  sum_OBUF[5]_inst_i_1/O
                         net (fo=1, routed)           0.328     1.631    sum_OBUF[5]
    P14                  OBUF (Prop_obuf_I_O)         1.167     2.798 r  sum_OBUF[5]_inst/O
                         net (fo=0)                   0.000     2.798    sum[5]
    P14                                                               r  sum[5] (OUT)
  -------------------------------------------------------------------    -------------------

Slack:                    inf
  Source:                 i_2_2[11]
                            (input port)
  Destination:            sum[14]
                            (output port)
  Path Group:             (none)
  Path Type:              Min at Fast Process Corner
  Data Path Delay:        2.816ns  (logic 1.479ns (52.520%)  route 1.337ns (47.480%))
  Logic Levels:           4  (IBUF=1 LUT6=2 OBUF=1)

    Location             Delay type                Incr(ns)  Path(ns)    Netlist Resource(s)
  -------------------------------------------------------------------    -------------------
    G15                                               0.000     0.000 r  i_2_2[11] (IN)
                         net (fo=0)                   0.000     0.000    i_2_2[11]
    G15                  IBUF (Prop_ibuf_I_O)         0.182     0.182 r  i_2_2_IBUF[11]_inst/O
                         net (fo=4, routed)           0.510     0.691    i_2_2_IBUF[11]
    SLICE_X113Y99        LUT6 (Prop_lut6_I4_O)        0.045     0.736 r  sum_OBUF[16]_inst_i_5/O
                         net (fo=4, routed)           0.436     1.172    vr_2_2_13
    SLICE_X113Y95        LUT6 (Prop_lut6_I3_O)        0.045     1.217 r  sum_OBUF[14]_inst_i_1/O
                         net (fo=1, routed)           0.392     1.608    sum_OBUF[14]
    T10                  OBUF (Prop_obuf_I_O)         1.207     2.816 r  sum_OBUF[14]_inst/O
                         net (fo=0)                   0.000     2.816    sum[14]
    T10                                                               r  sum[14] (OUT)
  -------------------------------------------------------------------    -------------------

Slack:                    inf
  Source:                 i_2_2[11]
                            (input port)
  Destination:            sum[16]
                            (output port)
  Path Group:             (none)
  Path Type:              Min at Fast Process Corner
  Data Path Delay:        2.837ns  (logic 1.423ns (50.153%)  route 1.414ns (49.847%))
  Logic Levels:           4  (IBUF=1 LUT6=2 OBUF=1)

    Location             Delay type                Incr(ns)  Path(ns)    Netlist Resource(s)
  -------------------------------------------------------------------    -------------------
    G15                                               0.000     0.000 r  i_2_2[11] (IN)
                         net (fo=0)                   0.000     0.000    i_2_2[11]
    G15                  IBUF (Prop_ibuf_I_O)         0.182     0.182 r  i_2_2_IBUF[11]_inst/O
                         net (fo=4, routed)           0.510     0.691    i_2_2_IBUF[11]
    SLICE_X113Y99        LUT6 (Prop_lut6_I4_O)        0.045     0.736 r  sum_OBUF[16]_inst_i_5/O
                         net (fo=4, routed)           0.435     1.171    vr_2_2_13
    SLICE_X113Y95        LUT6 (Prop_lut6_I3_O)        0.045     1.216 r  sum_OBUF[16]_inst_i_1/O
                         net (fo=2, routed)           0.470     1.686    sum_OBUF[15]
    R19                  OBUF (Prop_obuf_I_O)         1.151     2.837 r  sum_OBUF[16]_inst/O
                         net (fo=0)                   0.000     2.837    sum[16]
    R19                                                               r  sum[16] (OUT)
  -------------------------------------------------------------------    -------------------

Slack:                    inf
  Source:                 i_3_3[4]
                            (input port)
  Destination:            sum[6]
                            (output port)
  Path Group:             (none)
  Path Type:              Min at Fast Process Corner
  Data Path Delay:        2.872ns  (logic 1.689ns (58.818%)  route 1.183ns (41.182%))
  Logic Levels:           5  (IBUF=1 LUT4=2 LUT6=1 OBUF=1)

    Location             Delay type                Incr(ns)  Path(ns)    Netlist Resource(s)
  -------------------------------------------------------------------    -------------------
    U14                                               0.000     0.000 r  i_3_3[4] (IN)
                         net (fo=0)                   0.000     0.000    i_3_3[4]
    U14                  IBUF (Prop_ibuf_I_O)         0.302     0.302 r  i_3_3_IBUF[4]_inst/O
                         net (fo=4, routed)           0.509     0.812    i_3_3_IBUF[4]
    SLICE_X110Y89        LUT4 (Prop_lut4_I2_O)        0.045     0.857 r  sum_OBUF[6]_inst_i_14/O
                         net (fo=4, routed)           0.119     0.975    vs_2_2_5
    SLICE_X110Y89        LUT6 (Prop_lut6_I1_O)        0.045     1.020 r  sum_OBUF[6]_inst_i_4/O
                         net (fo=2, routed)           0.220     1.240    sum_OBUF[6]_inst_i_4_n_4
    SLICE_X112Y89        LUT4 (Prop_lut4_I2_O)        0.043     1.283 r  sum_OBUF[6]_inst_i_1/O
                         net (fo=1, routed)           0.335     1.618    sum_OBUF[6]
    T15                  OBUF (Prop_obuf_I_O)         1.254     2.872 r  sum_OBUF[6]_inst/O
                         net (fo=0)                   0.000     2.872    sum[6]
    T15                                                               r  sum[6] (OUT)
  -------------------------------------------------------------------    -------------------





