Copyright 1986-2022 Xilinx, Inc. All Rights Reserved.
------------------------------------------------------------------------------------
| Tool Version : Vivado v.2022.1 (win64) Build 3526262 Mon Apr 18 15:48:16 MDT 2022
| Date         : Tue Feb  3 19:16:10 2026
| Host         : THINKBOOK running 64-bit major release  (build 9200)
| Command      : report_control_sets -verbose -file main_control_sets_placed.rpt
| Design       : main
| Device       : xc7z020
------------------------------------------------------------------------------------

Control Set Information

Table of Contents
-----------------
1. Summary
2. Histogram
3. Flip-Flop Distribution
4. Detailed Control Set Information

1. Summary
----------

+----------------------------------------------------------+-------+
|                          Status                          | Count |
+----------------------------------------------------------+-------+
| Total control sets                                       |     7 |
|    Minimum number of control sets                        |     7 |
|    Addition due to synthesis replication                 |     0 |
|    Addition due to physical synthesis replication        |     0 |
| Unused register locations in slices containing registers |    18 |
+----------------------------------------------------------+-------+
* Control sets can be merged at opt_design using control_set_merge or merge_equivalent_drivers
** Run report_qor_suggestions for automated merging and remapping suggestions


2. Histogram
------------

+--------------------+-------+
|       Fanout       | Count |
+--------------------+-------+
| Total control sets |     7 |
| >= 0 to < 4        |     1 |
| >= 4 to < 6        |     0 |
| >= 6 to < 8        |     3 |
| >= 8 to < 10       |     1 |
| >= 10 to < 12      |     0 |
| >= 12 to < 14      |     0 |
| >= 14 to < 16      |     0 |
| >= 16              |     2 |
+--------------------+-------+
* Control sets can be remapped at either synth_design or opt_design


3. Flip-Flop Distribution
-------------------------

+--------------+-----------------------+------------------------+-----------------+--------------+
| Clock Enable | Synchronous Set/Reset | Asynchronous Set/Reset | Total Registers | Total Slices |
+--------------+-----------------------+------------------------+-----------------+--------------+
| No           | No                    | No                     |               3 |            1 |
| No           | No                    | Yes                    |               0 |            0 |
| No           | Yes                   | No                     |               0 |            0 |
| Yes          | No                    | No                     |               8 |            2 |
| Yes          | No                    | Yes                    |               0 |            0 |
| Yes          | Yes                   | No                     |              67 |           17 |
+--------------+-----------------------+------------------------+-----------------+--------------+


4. Detailed Control Set Information
-----------------------------------

+-----------------------+-------------------------------+------------------------------+------------------+----------------+--------------+
|      Clock Signal     |         Enable Signal         |       Set/Reset Signal       | Slice Load Count | Bel Load Count | Bels / Slice |
+-----------------------+-------------------------------+------------------------------+------------------+----------------+--------------+
|  s_axis_clk_IBUF_BUFG |                               |                              |                1 |              3 |         3.00 |
|  s_axis_clk_IBUF_BUFG | sm/in_row_counter[5]_i_1_n_4  | bl/s_axis_rstn               |                3 |              6 |         2.00 |
|  s_axis_clk_IBUF_BUFG | sm/out_col_counter[5]_i_1_n_4 | bl/s_axis_rstn               |                2 |              6 |         3.00 |
|  s_axis_clk_IBUF_BUFG | sm/latency_counter[5]_i_2_n_4 | bl/s_axis_rstn               |                3 |              6 |         2.00 |
|  s_axis_clk_IBUF_BUFG | sm/s_pipeline_en              | sm/flush_pipeline_s_reg_0[0] |                2 |              8 |         4.00 |
|  s_axis_clk_IBUF_BUFG | sm/s_pipeline_en              |                              |                2 |             16 |         8.00 |
|  s_axis_clk_IBUF_BUFG | sm/s_pipeline_en              | bl/s_axis_rstn               |                7 |             41 |         5.86 |
+-----------------------+-------------------------------+------------------------------+------------------+----------------+--------------+


