Copyright 1986-2022 Xilinx, Inc. All Rights Reserved.
---------------------------------------------------------------------------------------------------------------------------------------------------------------------------------------------------------
| Tool Version : Vivado v.2022.1 (win64) Build 3526262 Mon Apr 18 15:48:16 MDT 2022
| Date         : Tue Feb  3 19:16:36 2026
| Host         : THINKBOOK running 64-bit major release  (build 9200)
| Command      : report_timing_summary -max_paths 10 -report_unconstrained -file main_timing_summary_routed.rpt -pb main_timing_summary_routed.pb -rpx main_timing_summary_routed.rpx -warn_on_violation
| Design       : main
| Device       : 7z020-clg400
| Speed File   : -1  PRODUCTION 1.12 2019-11-22
---------------------------------------------------------------------------------------------------------------------------------------------------------------------------------------------------------

Timing Summary Report

------------------------------------------------------------------------------------------------
| Timer Settings
| --------------
------------------------------------------------------------------------------------------------

  Enable Multi Corner Analysis               :  Yes
  Enable Pessimism Removal                   :  Yes
  Pessimism Removal Resolution               :  Nearest Common Node
  Enable Input Delay Default Clock           :  No
  Enable Preset / Clear Arcs                 :  No
  Disable Flight Delays                      :  No
  Ignore I/O Paths                           :  No
  Timing Early Launch at Borrowing Latches   :  No
  Borrow Time for Max Delay Exceptions       :  Yes
  Merge Timing Exceptions                    :  Yes

  Corner  Analyze    Analyze    
  Name    Max Paths  Min Paths  
  ------  ---------  ---------  
  Slow    Yes        Yes        
  Fast    Yes        Yes        


------------------------------------------------------------------------------------------------
| Report Methodology
| ------------------
------------------------------------------------------------------------------------------------

Rule       Severity          Description                  Violations  
---------  ----------------  ---------------------------  ----------  
TIMING-17  Critical Warning  Non-clocked sequential cell  86          

Note: This report is based on the most recent report_methodology run and may not be up-to-date. Run report_methodology on the current design for the latest report.



check_timing report

Table of Contents
-----------------
1. checking no_clock (86)
2. checking constant_clock (0)
3. checking pulse_width_clock (0)
4. checking unconstrained_internal_endpoints (235)
5. checking no_input_delay (12)
6. checking no_output_delay (11)
7. checking multiple_clock (0)
8. checking generated_clocks (0)
9. checking loops (0)
10. checking partial_input_delay (0)
11. checking partial_output_delay (0)
12. checking latch_loops (0)

1. checking no_clock (86)
-------------------------
 There are 86 register/latch pins with no clock driven by root clock pin: s_axis_clk (HIGH)


2. checking constant_clock (0)
------------------------------
 There are 0 register/latch pins with constant_clock.


3. checking pulse_width_clock (0)
---------------------------------
 There are 0 register/latch pins which need pulse_width check


4. checking unconstrained_internal_endpoints (235)
--------------------------------------------------
 There are 235 pins that are not constrained for maximum delay. (HIGH)

 There are 0 pins that are not constrained for maximum delay due to constant clock.


5. checking no_input_delay (12)
-------------------------------
 There are 12 input ports with no input delay specified. (HIGH)

 There are 0 input ports with no input delay but user has a false path constraint.


6. checking no_output_delay (11)
--------------------------------
 There are 11 ports with no output delay specified. (HIGH)

 There are 0 ports with no output delay but user has a false path constraint

 There are 0 ports with no output delay but with a timing clock defined on it or propagating through it


7. checking multiple_clock (0)
------------------------------
 There are 0 register/latch pins with multiple clocks.


8. checking generated_clocks (0)
--------------------------------
 There are 0 generated clocks that are not connected to a clock source.


9. checking loops (0)
---------------------
 There are 0 combinational loops in the design.


10. checking partial_input_delay (0)
------------------------------------
 There are 0 input ports with partial input delay specified.


11. checking partial_output_delay (0)
-------------------------------------
 There are 0 ports with partial output delay specified.


12. checking latch_loops (0)
----------------------------
 There are 0 combinational latch loops in the design through latch input



------------------------------------------------------------------------------------------------
| Design Timing Summary
| ---------------------
------------------------------------------------------------------------------------------------

    WNS(ns)      TNS(ns)  TNS Failing Endpoints  TNS Total Endpoints      WHS(ns)      THS(ns)  THS Failing Endpoints  THS Total Endpoints     WPWS(ns)     TPWS(ns)  TPWS Failing Endpoints  TPWS Total Endpoints  
    -------      -------  ---------------------  -------------------      -------      -------  ---------------------  -------------------     --------     --------  ----------------------  --------------------  
        inf        0.000                      0                  246          inf        0.000                      0                  246           NA           NA                      NA                    NA  


There are no user specified timing constraints.


------------------------------------------------------------------------------------------------
| Clock Summary
| -------------
------------------------------------------------------------------------------------------------


------------------------------------------------------------------------------------------------
| Intra Clock Table
| -----------------
------------------------------------------------------------------------------------------------

Clock             WNS(ns)      TNS(ns)  TNS Failing Endpoints  TNS Total Endpoints      WHS(ns)      THS(ns)  THS Failing Endpoints  THS Total Endpoints     WPWS(ns)     TPWS(ns)  TPWS Failing Endpoints  TPWS Total Endpoints  
-----             -------      -------  ---------------------  -------------------      -------      -------  ---------------------  -------------------     --------     --------  ----------------------  --------------------  


------------------------------------------------------------------------------------------------
| Inter Clock Table
| -----------------
------------------------------------------------------------------------------------------------

From Clock    To Clock          WNS(ns)      TNS(ns)  TNS Failing Endpoints  TNS Total Endpoints      WHS(ns)      THS(ns)  THS Failing Endpoints  THS Total Endpoints  
----------    --------          -------      -------  ---------------------  -------------------      -------      -------  ---------------------  -------------------  


------------------------------------------------------------------------------------------------
| Other Path Groups Table
| -----------------------
------------------------------------------------------------------------------------------------

Path Group    From Clock    To Clock          WNS(ns)      TNS(ns)  TNS Failing Endpoints  TNS Total Endpoints      WHS(ns)      THS(ns)  THS Failing Endpoints  THS Total Endpoints  
----------    ----------    --------          -------      -------  ---------------------  -------------------      -------      -------  ---------------------  -------------------  


------------------------------------------------------------------------------------------------
| User Ignored Path Table
| -----------------------
------------------------------------------------------------------------------------------------

Path Group    From Clock    To Clock    
----------    ----------    --------    


------------------------------------------------------------------------------------------------
| Unconstrained Path Table
| ------------------------
------------------------------------------------------------------------------------------------

Path Group    From Clock    To Clock    
----------    ----------    --------    
(none)                                    


------------------------------------------------------------------------------------------------
| Timing Details
| --------------
------------------------------------------------------------------------------------------------


--------------------------------------------------------------------------------------
Path Group:  (none)
From Clock:  
  To Clock:  

Max Delay           246 Endpoints
Min Delay           246 Endpoints
--------------------------------------------------------------------------------------


Max Delay Paths
--------------------------------------------------------------------------------------
Slack:                    inf
  Source:                 m_axis_tready
                            (input port)
  Destination:            s_axis_tready
                            (output port)
  Path Group:             (none)
  Path Type:              Max at Slow Process Corner
  Data Path Delay:        6.717ns  (logic 3.777ns (56.229%)  route 2.940ns (43.771%))
  Logic Levels:           3  (IBUF=1 LUT3=1 OBUF=1)

    Location             Delay type                Incr(ns)  Path(ns)    Netlist Resource(s)
  -------------------------------------------------------------------    -------------------
    U10                                               0.000     0.000 r  m_axis_tready (IN)
                         net (fo=0)                   0.000     0.000    m_axis_tready
    U10                  IBUF (Prop_ibuf_I_O)         0.992     0.992 r  m_axis_tready_IBUF_inst/O
                         net (fo=2, routed)           1.236     2.228    sm/m_axis_tready_IBUF
    SLICE_X0Y26          LUT3 (Prop_lut3_I2_O)        0.124     2.352 r  sm/s_axis_tready_OBUF_inst_i_1/O
                         net (fo=1, routed)           1.704     4.056    s_axis_tready_OBUF
    Y7                   OBUF (Prop_obuf_I_O)         2.661     6.717 r  s_axis_tready_OBUF_inst/O
                         net (fo=0)                   0.000     6.717    s_axis_tready
    Y7                                                                r  s_axis_tready (OUT)
  -------------------------------------------------------------------    -------------------

Slack:                    inf
  Source:                 s_axis_tdata[5]
                            (input port)
  Destination:            bl/d00s_reg[5]/D
  Path Group:             (none)
  Path Type:              Max at Slow Process Corner
  Data Path Delay:        6.446ns  (logic 0.972ns (15.075%)  route 5.475ns (84.925%))
  Logic Levels:           1  (IBUF=1)

    Location             Delay type                Incr(ns)  Path(ns)    Netlist Resource(s)
  -------------------------------------------------------------------    -------------------
    W19                                               0.000     0.000 r  s_axis_tdata[5] (IN)
                         net (fo=0)                   0.000     0.000    s_axis_tdata[5]
    W19                  IBUF (Prop_ibuf_I_O)         0.972     0.972 r  s_axis_tdata_IBUF[5]_inst/O
                         net (fo=1, routed)           5.475     6.446    bl/D[5]
    SLICE_X5Y26          FDRE                                         r  bl/d00s_reg[5]/D
  -------------------------------------------------------------------    -------------------

Slack:                    inf
  Source:                 s_axis_tdata[7]
                            (input port)
  Destination:            bl/d00s_reg[7]/D
  Path Group:             (none)
  Path Type:              Max at Slow Process Corner
  Data Path Delay:        6.360ns  (logic 0.988ns (15.539%)  route 5.372ns (84.461%))
  Logic Levels:           1  (IBUF=1)

    Location             Delay type                Incr(ns)  Path(ns)    Netlist Resource(s)
  -------------------------------------------------------------------    -------------------
    V18                                               0.000     0.000 r  s_axis_tdata[7] (IN)
                         net (fo=0)                   0.000     0.000    s_axis_tdata[7]
    V18                  IBUF (Prop_ibuf_I_O)         0.988     0.988 r  s_axis_tdata_IBUF[7]_inst/O
                         net (fo=1, routed)           5.372     6.360    bl/D[7]
    SLICE_X5Y26          FDRE                                         r  bl/d00s_reg[7]/D
  -------------------------------------------------------------------    -------------------

Slack:                    inf
  Source:                 s_axis_tdata[6]
                            (input port)
  Destination:            bl/d00s_reg[6]/D
  Path Group:             (none)
  Path Type:              Max at Slow Process Corner
  Data Path Delay:        6.327ns  (logic 0.975ns (15.415%)  route 5.352ns (84.585%))
  Logic Levels:           1  (IBUF=1)

    Location             Delay type                Incr(ns)  Path(ns)    Netlist Resource(s)
  -------------------------------------------------------------------    -------------------
    W18                                               0.000     0.000 r  s_axis_tdata[6] (IN)
                         net (fo=0)                   0.000     0.000    s_axis_tdata[6]
    W18                  IBUF (Prop_ibuf_I_O)         0.975     0.975 r  s_axis_tdata_IBUF[6]_inst/O
                         net (fo=1, routed)           5.352     6.327    bl/D[6]
    SLICE_X5Y26          FDRE                                         r  bl/d00s_reg[6]/D
  -------------------------------------------------------------------    -------------------

Slack:                    inf
  Source:                 s_axis_tdata[4]
                            (input port)
  Destination:            bl/d00s_reg[4]/D
  Path Group:             (none)
  Path Type:              Max at Slow Process Corner
  Data Path Delay:        6.317ns  (logic 0.961ns (15.215%)  route 5.356ns (84.785%))
  Logic Levels:           1  (IBUF=1)

    Location             Delay type                Incr(ns)  Path(ns)    Netlist Resource(s)
  -------------------------------------------------------------------    -------------------
    N17                                               0.000     0.000 r  s_axis_tdata[4] (IN)
                         net (fo=0)                   0.000     0.000    s_axis_tdata[4]
    N17                  IBUF (Prop_ibuf_I_O)         0.961     0.961 r  s_axis_tdata_IBUF[4]_inst/O
                         net (fo=1, routed)           5.356     6.317    bl/D[4]
    SLICE_X3Y26          FDRE                                         r  bl/d00s_reg[4]/D
  -------------------------------------------------------------------    -------------------

Slack:                    inf
  Source:                 s_axis_tdata[1]
                            (input port)
  Destination:            bl/d00s_reg[1]/D
  Path Group:             (none)
  Path Type:              Max at Slow Process Corner
  Data Path Delay:        6.305ns  (logic 0.970ns (15.379%)  route 5.336ns (84.621%))
  Logic Levels:           1  (IBUF=1)

    Location             Delay type                Incr(ns)  Path(ns)    Netlist Resource(s)
  -------------------------------------------------------------------    -------------------
    P16                                               0.000     0.000 r  s_axis_tdata[1] (IN)
                         net (fo=0)                   0.000     0.000    s_axis_tdata[1]
    P16                  IBUF (Prop_ibuf_I_O)         0.970     0.970 r  s_axis_tdata_IBUF[1]_inst/O
                         net (fo=1, routed)           5.336     6.305    bl/D[1]
    SLICE_X3Y26          FDRE                                         r  bl/d00s_reg[1]/D
  -------------------------------------------------------------------    -------------------

Slack:                    inf
  Source:                 s_axis_tdata[3]
                            (input port)
  Destination:            bl/d00s_reg[3]/D
  Path Group:             (none)
  Path Type:              Max at Slow Process Corner
  Data Path Delay:        6.301ns  (logic 0.946ns (15.014%)  route 5.355ns (84.986%))
  Logic Levels:           1  (IBUF=1)

    Location             Delay type                Incr(ns)  Path(ns)    Netlist Resource(s)
  -------------------------------------------------------------------    -------------------
    P18                                               0.000     0.000 r  s_axis_tdata[3] (IN)
                         net (fo=0)                   0.000     0.000    s_axis_tdata[3]
    P18                  IBUF (Prop_ibuf_I_O)         0.946     0.946 r  s_axis_tdata_IBUF[3]_inst/O
                         net (fo=1, routed)           5.355     6.301    bl/D[3]
    SLICE_X3Y26          FDRE                                         r  bl/d00s_reg[3]/D
  -------------------------------------------------------------------    -------------------

Slack:                    inf
  Source:                 s_axis_tdata[0]
                            (input port)
  Destination:            bl/d00s_reg[0]/D
  Path Group:             (none)
  Path Type:              Max at Slow Process Corner
  Data Path Delay:        6.144ns  (logic 0.971ns (15.812%)  route 5.172ns (84.188%))
  Logic Levels:           1  (IBUF=1)

    Location             Delay type                Incr(ns)  Path(ns)    Netlist Resource(s)
  -------------------------------------------------------------------    -------------------
    T19                                               0.000     0.000 r  s_axis_tdata[0] (IN)
                         net (fo=0)                   0.000     0.000    s_axis_tdata[0]
    T19                  IBUF (Prop_ibuf_I_O)         0.971     0.971 r  s_axis_tdata_IBUF[0]_inst/O
                         net (fo=1, routed)           5.172     6.144    bl/D[0]
    SLICE_X5Y26          FDRE                                         r  bl/d00s_reg[0]/D
  -------------------------------------------------------------------    -------------------

Slack:                    inf
  Source:                 bl/d11s_reg[5]/C
                            (rising edge-triggered cell FDRE)
  Destination:            m_axis_tdata[5]
                            (output port)
  Path Group:             (none)
  Path Type:              Max at Slow Process Corner
  Data Path Delay:        5.417ns  (logic 3.350ns (61.839%)  route 2.067ns (38.161%))
  Logic Levels:           2  (FDRE=1 OBUF=1)

    Location             Delay type                Incr(ns)  Path(ns)    Netlist Resource(s)
  -------------------------------------------------------------------    -------------------
    SLICE_X2Y19          FDRE                         0.000     0.000 r  bl/d11s_reg[5]/C
    SLICE_X2Y19          FDRE (Prop_fdre_C_Q)         0.478     0.478 r  bl/d11s_reg[5]/Q
                         net (fo=1, routed)           2.067     2.545    m_axis_tdata_OBUF[5]
    Y12                  OBUF (Prop_obuf_I_O)         2.872     5.417 r  m_axis_tdata_OBUF[5]_inst/O
                         net (fo=0)                   0.000     5.417    m_axis_tdata[5]
    Y12                                                               r  m_axis_tdata[5] (OUT)
  -------------------------------------------------------------------    -------------------

Slack:                    inf
  Source:                 bl/d11s_reg[0]/C
                            (rising edge-triggered cell FDRE)
  Destination:            m_axis_tdata[0]
                            (output port)
  Path Group:             (none)
  Path Type:              Max at Slow Process Corner
  Data Path Delay:        5.384ns  (logic 3.137ns (58.261%)  route 2.247ns (41.739%))
  Logic Levels:           2  (FDRE=1 OBUF=1)

    Location             Delay type                Incr(ns)  Path(ns)    Netlist Resource(s)
  -------------------------------------------------------------------    -------------------
    SLICE_X2Y19          FDRE                         0.000     0.000 r  bl/d11s_reg[0]/C
    SLICE_X2Y19          FDRE (Prop_fdre_C_Q)         0.518     0.518 r  bl/d11s_reg[0]/Q
                         net (fo=1, routed)           2.247     2.765    m_axis_tdata_OBUF[0]
    W6                   OBUF (Prop_obuf_I_O)         2.619     5.384 r  m_axis_tdata_OBUF[0]_inst/O
                         net (fo=0)                   0.000     5.384    m_axis_tdata[0]
    W6                                                                r  m_axis_tdata[0] (OUT)
  -------------------------------------------------------------------    -------------------





Min Delay Paths
--------------------------------------------------------------------------------------
Slack:                    inf
  Source:                 bl/buffer1_reg_r_10/C
                            (rising edge-triggered cell FDRE)
  Destination:            bl/buffer1_reg_r_11/D
  Path Group:             (none)
  Path Type:              Min at Fast Process Corner
  Data Path Delay:        0.181ns  (logic 0.128ns (70.559%)  route 0.053ns (29.441%))
  Logic Levels:           1  (FDRE=1)

    Location             Delay type                Incr(ns)  Path(ns)    Netlist Resource(s)
  -------------------------------------------------------------------    -------------------
    SLICE_X1Y22          FDRE                         0.000     0.000 r  bl/buffer1_reg_r_10/C
    SLICE_X1Y22          FDRE (Prop_fdre_C_Q)         0.128     0.128 r  bl/buffer1_reg_r_10/Q
                         net (fo=1, routed)           0.053     0.181    bl/buffer1_reg_r_10_n_4
    SLICE_X1Y22          FDRE                                         r  bl/buffer1_reg_r_11/D
  -------------------------------------------------------------------    -------------------

Slack:                    inf
  Source:                 bl/buffer1_reg_r_22/C
                            (rising edge-triggered cell FDRE)
  Destination:            bl/buffer1_reg_r_23/D
  Path Group:             (none)
  Path Type:              Min at Fast Process Corner
  Data Path Delay:        0.245ns  (logic 0.141ns (57.511%)  route 0.104ns (42.489%))
  Logic Levels:           1  (FDRE=1)

    Location             Delay type                Incr(ns)  Path(ns)    Netlist Resource(s)
  -------------------------------------------------------------------    -------------------
    SLICE_X3Y20          FDRE                         0.000     0.000 r  bl/buffer1_reg_r_22/C
    SLICE_X3Y20          FDRE (Prop_fdre_C_Q)         0.141     0.141 r  bl/buffer1_reg_r_22/Q
                         net (fo=1, routed)           0.104     0.245    bl/buffer1_reg_r_22_n_4
    SLICE_X3Y20          FDRE                                         r  bl/buffer1_reg_r_23/D
  -------------------------------------------------------------------    -------------------

Slack:                    inf
  Source:                 bl/buffer1_reg_r_27/C
                            (rising edge-triggered cell FDRE)
  Destination:            bl/d10s_reg_r/D
  Path Group:             (none)
  Path Type:              Min at Fast Process Corner
  Data Path Delay:        0.248ns  (logic 0.128ns (51.710%)  route 0.120ns (48.290%))
  Logic Levels:           1  (FDRE=1)

    Location             Delay type                Incr(ns)  Path(ns)    Netlist Resource(s)
  -------------------------------------------------------------------    -------------------
    SLICE_X3Y20          FDRE                         0.000     0.000 r  bl/buffer1_reg_r_27/C
    SLICE_X3Y20          FDRE (Prop_fdre_C_Q)         0.128     0.128 r  bl/buffer1_reg_r_27/Q
                         net (fo=1, routed)           0.120     0.248    bl/buffer1_reg_r_27_n_4
    SLICE_X3Y20          FDRE                                         r  bl/d10s_reg_r/D
  -------------------------------------------------------------------    -------------------

Slack:                    inf
  Source:                 bl/buffer1_reg_r_17/C
                            (rising edge-triggered cell FDRE)
  Destination:            bl/buffer1_reg_r_18/D
  Path Group:             (none)
  Path Type:              Min at Fast Process Corner
  Data Path Delay:        0.253ns  (logic 0.141ns (55.730%)  route 0.112ns (44.270%))
  Logic Levels:           1  (FDRE=1)

    Location             Delay type                Incr(ns)  Path(ns)    Netlist Resource(s)
  -------------------------------------------------------------------    -------------------
    SLICE_X3Y21          FDRE                         0.000     0.000 r  bl/buffer1_reg_r_17/C
    SLICE_X3Y21          FDRE (Prop_fdre_C_Q)         0.141     0.141 r  bl/buffer1_reg_r_17/Q
                         net (fo=1, routed)           0.112     0.253    bl/buffer1_reg_r_17_n_4
    SLICE_X2Y21          FDRE                                         r  bl/buffer1_reg_r_18/D
  -------------------------------------------------------------------    -------------------

Slack:                    inf
  Source:                 bl/buffer1_reg_r_25/C
                            (rising edge-triggered cell FDRE)
  Destination:            bl/buffer1_reg_r_26/D
  Path Group:             (none)
  Path Type:              Min at Fast Process Corner
  Data Path Delay:        0.286ns  (logic 0.141ns (49.277%)  route 0.145ns (50.723%))
  Logic Levels:           1  (FDRE=1)

    Location             Delay type                Incr(ns)  Path(ns)    Netlist Resource(s)
  -------------------------------------------------------------------    -------------------
    SLICE_X3Y20          FDRE                         0.000     0.000 r  bl/buffer1_reg_r_25/C
    SLICE_X3Y20          FDRE (Prop_fdre_C_Q)         0.141     0.141 r  bl/buffer1_reg_r_25/Q
                         net (fo=1, routed)           0.145     0.286    bl/buffer1_reg_r_25_n_4
    SLICE_X3Y20          FDRE                                         r  bl/buffer1_reg_r_26/D
  -------------------------------------------------------------------    -------------------

Slack:                    inf
  Source:                 bl/buffer1_reg_r_13/C
                            (rising edge-triggered cell FDRE)
  Destination:            bl/buffer1_reg_r_14/D
  Path Group:             (none)
  Path Type:              Min at Fast Process Corner
  Data Path Delay:        0.303ns  (logic 0.141ns (46.518%)  route 0.162ns (53.482%))
  Logic Levels:           1  (FDRE=1)

    Location             Delay type                Incr(ns)  Path(ns)    Netlist Resource(s)
  -------------------------------------------------------------------    -------------------
    SLICE_X1Y22          FDRE                         0.000     0.000 r  bl/buffer1_reg_r_13/C
    SLICE_X1Y22          FDRE (Prop_fdre_C_Q)         0.141     0.141 r  bl/buffer1_reg_r_13/Q
                         net (fo=1, routed)           0.162     0.303    bl/buffer1_reg_r_13_n_4
    SLICE_X3Y21          FDRE                                         r  bl/buffer1_reg_r_14/D
  -------------------------------------------------------------------    -------------------

Slack:                    inf
  Source:                 sm/in_row_counter_reg[0]/C
                            (rising edge-triggered cell FDRE)
  Destination:            sm/in_row_counter_reg[1]/D
  Path Group:             (none)
  Path Type:              Min at Fast Process Corner
  Data Path Delay:        0.307ns  (logic 0.186ns (60.498%)  route 0.121ns (39.502%))
  Logic Levels:           2  (FDRE=1 LUT4=1)

    Location             Delay type                Incr(ns)  Path(ns)    Netlist Resource(s)
  -------------------------------------------------------------------    -------------------
    SLICE_X1Y27          FDRE                         0.000     0.000 r  sm/in_row_counter_reg[0]/C
    SLICE_X1Y27          FDRE (Prop_fdre_C_Q)         0.141     0.141 r  sm/in_row_counter_reg[0]/Q
                         net (fo=8, routed)           0.121     0.262    sm/in_row_counter_reg_n_4_[0]
    SLICE_X0Y27          LUT4 (Prop_lut4_I2_O)        0.045     0.307 r  sm/in_row_counter[1]_i_1/O
                         net (fo=1, routed)           0.000     0.307    sm/in_row_counter[1]
    SLICE_X0Y27          FDRE                                         r  sm/in_row_counter_reg[1]/D
  -------------------------------------------------------------------    -------------------

Slack:                    inf
  Source:                 sm/in_row_counter_reg[0]/C
                            (rising edge-triggered cell FDRE)
  Destination:            sm/in_row_counter_reg[2]/D
  Path Group:             (none)
  Path Type:              Min at Fast Process Corner
  Data Path Delay:        0.310ns  (logic 0.189ns (60.880%)  route 0.121ns (39.120%))
  Logic Levels:           2  (FDRE=1 LUT5=1)

    Location             Delay type                Incr(ns)  Path(ns)    Netlist Resource(s)
  -------------------------------------------------------------------    -------------------
    SLICE_X1Y27          FDRE                         0.000     0.000 r  sm/in_row_counter_reg[0]/C
    SLICE_X1Y27          FDRE (Prop_fdre_C_Q)         0.141     0.141 r  sm/in_row_counter_reg[0]/Q
                         net (fo=8, routed)           0.121     0.262    sm/in_row_counter_reg_n_4_[0]
    SLICE_X0Y27          LUT5 (Prop_lut5_I2_O)        0.048     0.310 r  sm/in_row_counter[2]_i_1/O
                         net (fo=1, routed)           0.000     0.310    sm/in_row_counter[2]
    SLICE_X0Y27          FDRE                                         r  sm/in_row_counter_reg[2]/D
  -------------------------------------------------------------------    -------------------

Slack:                    inf
  Source:                 sm/in_row_counter_reg[1]/C
                            (rising edge-triggered cell FDRE)
  Destination:            sm/in_row_counter_reg[3]/D
  Path Group:             (none)
  Path Type:              Min at Fast Process Corner
  Data Path Delay:        0.315ns  (logic 0.209ns (66.264%)  route 0.106ns (33.736%))
  Logic Levels:           2  (FDRE=1 LUT6=1)

    Location             Delay type                Incr(ns)  Path(ns)    Netlist Resource(s)
  -------------------------------------------------------------------    -------------------
    SLICE_X0Y27          FDRE                         0.000     0.000 r  sm/in_row_counter_reg[1]/C
    SLICE_X0Y27          FDRE (Prop_fdre_C_Q)         0.164     0.164 r  sm/in_row_counter_reg[1]/Q
                         net (fo=7, routed)           0.106     0.270    sm/in_row_counter_reg_n_4_[1]
    SLICE_X1Y27          LUT6 (Prop_lut6_I1_O)        0.045     0.315 r  sm/in_row_counter[3]_i_1/O
                         net (fo=1, routed)           0.000     0.315    sm/in_row_counter[3]
    SLICE_X1Y27          FDRE                                         r  sm/in_row_counter_reg[3]/D
  -------------------------------------------------------------------    -------------------

Slack:                    inf
  Source:                 bl/buffer1_reg_r_21/C
                            (rising edge-triggered cell FDRE)
  Destination:            bl/buffer1_reg_r_22/D
  Path Group:             (none)
  Path Type:              Min at Fast Process Corner
  Data Path Delay:        0.333ns  (logic 0.164ns (49.284%)  route 0.169ns (50.716%))
  Logic Levels:           1  (FDRE=1)

    Location             Delay type                Incr(ns)  Path(ns)    Netlist Resource(s)
  -------------------------------------------------------------------    -------------------
    SLICE_X2Y21          FDRE                         0.000     0.000 r  bl/buffer1_reg_r_21/C
    SLICE_X2Y21          FDRE (Prop_fdre_C_Q)         0.164     0.164 r  bl/buffer1_reg_r_21/Q
                         net (fo=1, routed)           0.169     0.333    bl/buffer1_reg_r_21_n_4
    SLICE_X3Y20          FDRE                                         r  bl/buffer1_reg_r_22/D
  -------------------------------------------------------------------    -------------------





