\BOOKMARK [0][-]{chapter.1}{\376\377\000I\000n\000t\000r\000o\000d\000u\000z\000i\000o\000n\000e}{}% 1
\BOOKMARK [0][-]{chapter.2}{\376\377\000I\000l\000\040\000m\000o\000l\000t\000i\000p\000l\000i\000c\000a\000t\000o\000r\000e}{}% 2
\BOOKMARK [1][-]{section.2.1}{\376\377\000I\000m\000p\000l\000e\000m\000e\000n\000t\000a\000z\000i\000o\000n\000e}{chapter.2}% 3
\BOOKMARK [2][-]{subsection.2.1.1}{\376\377\000A\000l\000c\000u\000n\000e\000\040\000n\000o\000t\000e\000\040\000s\000u\000i\000\040\000p\000r\000o\000d\000o\000t\000t\000i}{section.2.1}% 4
\BOOKMARK [1][-]{section.2.2}{\376\377\000I\000l\000\040\000t\000e\000s\000t\000i\000n\000g}{chapter.2}% 5
\BOOKMARK [0][-]{chapter.3}{\376\377\000I\000l\000\040\000C\000a\000r\000r\000y\000\040\000S\000a\000v\000e\000\040\000A\000d\000d\000e\000r\000\040\000T\000r\000e\000e}{}% 6
\BOOKMARK [1][-]{section.3.1}{\376\377\000I\000m\000p\000l\000e\000m\000e\000n\000t\000a\000z\000i\000o\000n\000e}{chapter.3}% 7
\BOOKMARK [1][-]{section.3.2}{\376\377\000I\000l\000\040\000C\000a\000r\000r\000y\000\040\000S\000e\000l\000e\000c\000t\000\040\000A\000d\000d\000e\000r}{chapter.3}% 8
\BOOKMARK [1][-]{section.3.3}{\376\377\000I\000l\000\040\000c\000i\000r\000c\000u\000i\000t\000o\000\040\000f\000i\000n\000a\000l\000e}{chapter.3}% 9
\BOOKMARK [1][-]{section.3.4}{\376\377\000I\000l\000\040\000t\000e\000s\000t\000i\000n\000g}{chapter.3}% 10
\BOOKMARK [2][-]{subsection.3.4.1}{\376\377\000C\000a\000s\000o\000\040\000p\000o\000s\000i\000t\000i\000v\000o}{section.3.4}% 11
\BOOKMARK [2][-]{subsection.3.4.2}{\376\377\000C\000a\000s\000o\000\040\000n\000e\000g\000a\000t\000i\000v\000o}{section.3.4}% 12
\BOOKMARK [0][-]{chapter.4}{\376\377\000B\000u\000f\000f\000e\000r\000L\000i\000n\000e}{}% 13
\BOOKMARK [1][-]{section.4.1}{\376\377\000B\000u\000f\000f\000e\000r\000\040\000e\000\040\000P\000i\000p\000e\000l\000i\000n\000e\000:\000\040\000L\000'\000a\000r\000c\000h\000i\000t\000e\000t\000t\000u\000r\000a\000\040\000S\000l\000i\000d\000i\000n\000g\000\040\000W\000i\000n\000d\000o\000w}{chapter.4}% 14
\BOOKMARK [2][-]{subsection.4.1.1}{\376\377\000A\000r\000c\000h\000i\000t\000e\000t\000t\000u\000r\000a\000\040\000d\000e\000l\000\040\000D\000a\000t\000a\000f\000l\000o\000w}{section.4.1}% 15
\BOOKMARK [2][-]{subsection.4.1.2}{\376\377\000I\000m\000p\000l\000e\000m\000e\000n\000t\000a\000z\000i\000o\000n\000e\000\040\000d\000e\000g\000l\000i\000\040\000S\000h\000i\000f\000t\000\040\000R\000e\000g\000i\000s\000t\000e\000r\000\040\000A\000r\000r\000a\000y\000s}{section.4.1}% 16
\BOOKMARK [2][-]{subsection.4.1.3}{\376\377\000G\000e\000s\000t\000i\000o\000n\000e\000\040\000d\000e\000l\000\040\000F\000l\000u\000s\000h\000\040\000e\000\040\000P\000a\000d\000d\000i\000n\000g}{section.4.1}% 17
\BOOKMARK [0][-]{chapter.5}{\376\377\000F\000S\000M\000\040\000e\000d\000\040\000A\000X\000I\000-\000S\000t\000r\000e\000a\000m}{}% 18
\BOOKMARK [1][-]{section.5.1}{\376\377\000I\000m\000p\000l\000e\000m\000e\000n\000t\000a\000z\000i\000o\000n\000e\000\040\000d\000e\000l\000l\000a\000\040\000F\000S\000M\000\040\000e\000\040\000I\000n\000t\000e\000r\000f\000a\000c\000c\000e\000\040\000A\000X\000I\000-\000S\000t\000r\000e\000a\000m}{chapter.5}% 19
\BOOKMARK [2][-]{subsection.5.1.1}{\376\377\000A\000r\000c\000h\000i\000t\000e\000t\000t\000u\000r\000a\000\040\000d\000e\000l\000l\000a\000\040\000F\000S\000M}{section.5.1}% 20
\BOOKMARK [2][-]{subsection.5.1.2}{\376\377\000G\000e\000s\000t\000i\000o\000n\000e\000\040\000d\000e\000l\000\040\000P\000r\000o\000t\000o\000c\000o\000l\000l\000o\000\040\000A\000X\000I\0004\000-\000S\000t\000r\000e\000a\000m}{section.5.1}% 21
\BOOKMARK [2][-]{subsection.5.1.3}{\376\377\000S\000i\000n\000c\000r\000o\000n\000i\000z\000z\000a\000z\000i\000o\000n\000e\000\040\000e\000\040\000R\000i\000m\000o\000z\000i\000o\000n\000e\000\040\000d\000e\000l\000l\000o\000\040\000s\000t\000a\000t\000o\000\040\000I\000D\000L\000E}{section.5.1}% 22
\BOOKMARK [2][-]{subsection.5.1.4}{\376\377\000C\000o\000n\000t\000r\000o\000l\000l\000o\000\040\000d\000e\000l\000\040\000D\000a\000t\000a\000f\000l\000o\000w\000\040\000e\000\040\000B\000a\000c\000k\000p\000r\000e\000s\000s\000u\000r\000e}{section.5.1}% 23
\BOOKMARK [1][-]{section.5.2}{\376\377\000V\000e\000r\000i\000f\000i\000c\000a\000\040\000F\000u\000n\000z\000i\000o\000n\000a\000l\000e\000:\000\040\000I\000n\000t\000e\000g\000r\000a\000z\000i\000o\000n\000e\000\040\000F\000S\000M\000\040\000e\000\040\000B\000u\000f\000f\000e\000r\000\040\000L\000i\000n\000e}{chapter.5}% 24
\BOOKMARK [2][-]{subsection.5.2.1}{\376\377\000S\000e\000t\000u\000p\000\040\000d\000i\000\040\000S\000i\000m\000u\000l\000a\000z\000i\000o\000n\000e}{section.5.2}% 25
\BOOKMARK [2][-]{subsection.5.2.2}{\376\377\000G\000e\000n\000e\000r\000a\000z\000i\000o\000n\000e\000\040\000d\000e\000g\000l\000i\000\040\000S\000t\000i\000m\000o\000l\000i\000\040\000e\000\040\000H\000a\000n\000d\000s\000h\000a\000k\000e\000\040\000A\000X\000I}{section.5.2}% 26
\BOOKMARK [2][-]{subsection.5.2.3}{\376\377\000E\000s\000i\000t\000i\000\040\000d\000e\000l\000l\000a\000\040\000V\000e\000r\000i\000f\000i\000c\000a}{section.5.2}% 27
